// Jest Snapshot v1, https://goo.gl/fbAQLP

exports[`<SearchResultList /> renders <SearchResult /> components based on the given results 1`] = `
<div
  className="search-results"
>
  <SearchResult
    content="<div class=\\"section\\"><h4 class=\\"item-identifier\\">7 §</h4><span class=\\"reference reference-amendment\\"><a href=\\"http://data.finlex.fi/eli/sd/1996/626/alkup\\">(16.8.1996/626)</a></span>
  <h4 class=\\"heading\\">Kansainvälinen rikos</h4>
  <div class=\\"subsection\\"><p class=\\"text-element\\">Suomen ulkopuolella tehtyyn rikokseen, jonka rankaiseminen tekopaikan laista riippumatta perustuu Suomea velvoittavaan kansainväliseen sopimukseen tai muuhun Suomea kansainvälisesti velvoittavaan säädökseen tai määräykseen <i>(kansainvälinen rikos)</i>, sovelletaan Suomen lakia. Tarkemmat säännökset tämän pykälän soveltamisesta annetaan asetuksella.</p>
  </div>
  <div class=\\"subsection\\"><p class=\\"text-element\\">Suomen lakia sovelletaan tekopaikan laista riippumatta myös sellaiseen Suomen ulkopuolella tehtyyn ydinräjähderikokseen tai yleisvaarallisen rikoksen valmisteluun, jota on pidettävä täydellisestä ydinkoekiellosta tehdyssä sopimuksessa (SopS 15/2001) tarkoitettuna rikoksena.</p>
  <span class=\\"reference reference-amendment\\"><a href=\\"http://data.finlex.fi/eli/sd/1998/841/alkup\\">(30.12.1998/841 v. 2003)</a></span>
  </div>
  <div class=\\"subsection\\"><p class=\\"text-element\\">Suomen lakia sovelletaan tekopaikan laista riippumatta myös Suomen ulkopuolella tehtyyn ihmiskauppaan, törkeään ihmiskauppaan ja 34 a luvussa tarkoitettuun rikokseen.</p>
  <span class=\\"reference reference-amendment\\"><a href=\\"http://data.finlex.fi/eli/sd/2004/650/alkup\\">(9.7.2004/650)</a></span>
  </div>
  </div>"
    query="rikos"
    statuteTitle="Rikoslaki"
    statuteVersionUrl="http://data.finlex.fi/eli/sd/1889/39/ajantasa/20160101"
    title="Kansainvälinen rikos"
    type="http://data.finlex.fi/schema/sfl/Section"
    versionUrl="http://data.finlex.fi/eli/sd/1889/39/luku/1/pykala/7/ajantasa/19960901"
    workUrl="http://data.finlex.fi/eli/sd/1889/39/luku/1/pykala/7"
  />
  <SearchResult
    content="<div class=\\"section\\"><h4 class=\\"item-identifier\\">27 §</h4>
  <h4 class=\\"heading\\">Ammattitoiminnassa tehty rikos</h4>
  <div class=\\"subsection\\"><p class=\\"text-element\\">Jos terveydenhuollon ammattihenkilö on tuomittu vankeusrangaistukseen rikoksesta, jonka hän on tehnyt ammattitoiminnassaan, ja tuomioistuimen päätös on saanut lainvoiman ja jos rikokseen liittyvistä asianhaaroista on havaittavissa, ettei hän ole sen luottamuksen arvoinen, jota hänen tulee nauttia, Sosiaali- ja terveysalan lupa- ja valvontavirasto voi laillistetulta ammattihenkilöltä poistaa määräajaksi tai, jos asianhaarat ovat erittäin raskauttavat, lopullisesti ammatinharjoittamisoikeuden tai luvan saaneelta ammattihenkilöltä peruuttaa ammatinharjoittamisluvan määräajaksi tai, jos asianhaarat ovat erittäin raskauttavat, lopullisesti taikka kieltää nimikesuojattua ammattihenkilöä määräajaksi tai jos asianhaarat ovat erittäin raskauttavat, lopullisesti käyttämästä asetuksella säädettyä terveydenhuollon ammattihenkilön ammattinimikettä.</p>
  <span class=\\"reference reference-amendment\\"><a href=\\"http://data.finlex.fi/eli/sd/2015/262/alkup\\">(20.3.2015/262)</a></span>
  </div>
  <div class=\\"subsection\\"><p class=\\"text-element\\">Jos valtion tai kunnan taikka kuntayhtymän virassa oleva terveydenhuollon ammattihenkilö on rikoksen johdosta tuomittu erotettavaksi virantoimituksesta tai viralta pantavaksi, noudatetaan vastaavasti, mitä 1 momentissa säädetään.</p>
  </div>
  <div class=\\"subsection\\">
  <p class=\\"text-element\\">3 momentti on kumottu L:lla <span class=\\"reference reference-repeal\\"><a href=\\"http://data.finlex.fi/eli/sd/2015/262/alkup\\">20.3.2015/262</a></span>.</p></div>
  <div class=\\"subsection\\"><p class=\\"text-element\\">Jo ennen kuin tuomioistuimen päätös, jolla terveydenhuollon ammattihenkilö on tuomittu vankeusrangaistukseen taikka viralta pantavaksi tai virantoimituksesta erotettavaksi, on saanut lainvoiman, Sosiaali- ja terveysalan lupa- ja valvontavirasto voi kieltää laillistettua ammattihenkilöä harjoittamasta ammattia tai peruuttaa luvan saanen ammattihenkilön ammatinharjoittamisluvan taikka kieltää nimikesuojattua ammattihenkilöä käyttämästä asetuksella säädettyä terveydenhuollon ammattihenkilön ammattinimikettä.</p>
  <span class=\\"reference reference-amendment\\"><a href=\\"http://data.finlex.fi/eli/sd/2015/262/alkup\\">(20.3.2015/262)</a></span>
  </div>
  </div>"
    query="rikos"
    statuteTitle="Laki terveydenhuollon ammattihenkilöistä"
    statuteVersionUrl="http://data.finlex.fi/eli/sd/1994/559/ajantasa/20160101"
    title="Ammattitoiminnassa tehty rikos"
    type="http://data.finlex.fi/schema/sfl/Section"
    versionUrl="http://data.finlex.fi/eli/sd/1994/559/luku/5/pykala/27/ajantasa/20150401"
    workUrl="http://data.finlex.fi/eli/sd/1994/559/luku/5/pykala/27"
  />
  <SearchResult
    content="<div class=\\"section\\"><h4 class=\\"item-identifier\\">25 §</h4><span class=\\"reference reference-amendment\\"><a href=\\"http://data.finlex.fi/eli/sd/2006/301/alkup\\">(28.4.2006/301)</a></span>
  <h4 class=\\"heading\\">Ammattitoiminnassa tehty rikos</h4>
  <div class=\\"subsection\\"><p class=\\"text-element\\">Jos eläinlääkärinammatin harjoittaja on tuomittu vankeusrangaistukseen rikoksesta, jonka hän on tehnyt ammattitoiminnassaan, ja tuomioistuimen tuomio on saanut lainvoiman ja jos rikokseen liittyvistä asianhaaroista on havaittavissa, ettei hän ole sen luottamuksen arvoinen, jota hänen tulee nauttia, Elintarviketurvallisuusvirasto voi poistaa eläinlääkärinammatin harjoittajalta määräajaksi tai, jos asianhaarat ovat erittäin raskauttavat, lopullisesti ammatinharjoittamisoikeuden.</p>
  </div>
  <div class=\\"subsection\\"><p class=\\"text-element\\">Jos valtion tai kunnan taikka kuntayhtymän virassa oleva eläinlääkärinammatin harjoittaja on rikoksen johdosta tuomittu erotettavaksi virantoimituksesta tai viralta pantavaksi, noudatetaan vastaavasti, mitä 1 momentissa säädetään.</p>
  </div>
  <div class=\\"subsection\\"><p class=\\"text-element\\">Tuomioistuimen tulee viipymättä lähettää jäljennös 1 ja 2 momentissa tarkoitettua asiaa koskevasta pöytäkirjasta ja tuomiosta Elintarviketurvallisuusvirastolle.</p>
  </div>
  <div class=\\"subsection\\"><p class=\\"text-element\\">Jo ennen kuin tuomioistuimen tuomio, jolla eläinlääkärinammatin harjoittaja on tuomittu vankeusrangaistukseen taikka viralta pantavaksi tai virantoimituksesta erotettavaksi, on saanut lainvoiman, Elintarviketurvallisuusvirasto voi kieltää eläinlääkärinammatin harjoittajaa harjoittamasta ammattia.</p>
  </div>
  </div>"
    query="rikos"
    statuteTitle="Laki eläinlääkärinammatin harjoittamisesta"
    statuteVersionUrl="http://data.finlex.fi/eli/sd/2000/29/ajantasa/20160101"
    title="Ammattitoiminnassa tehty rikos"
    type="http://data.finlex.fi/schema/sfl/Section"
    versionUrl="http://data.finlex.fi/eli/sd/2000/29/luku/5/pykala/25/ajantasa/20060501"
    workUrl="http://data.finlex.fi/eli/sd/2000/29/luku/5/pykala/25"
  />
</div>
`;
